Copyright 1986-2021 Xilinx, Inc. All Rights Reserved.
-----------------------------------------------------------------------------------------------------------------------------------------------
| Tool Version : Vivado v.2021.1_AR76780 (lin64) Build 3247384 Thu Jun 10 19:36:07 MDT 2021
| Date         : Tue Jul  7 16:17:09 2026
| Host         : precwood running 64-bit Ubuntu 25.10
| Command      : report_utilization -omit_locs -file /home/wfife/hdd/repos/rfnoc-oot-blocks-dev/build-fpga/build-x440_1600_aurora_C2/build.rpt
| Design       : x4xx
| Device       : xczu28drffvg1517-2
| Design State : Physopt postRoute
-----------------------------------------------------------------------------------------------------------------------------------------------

Utilization Design Information

Table of Contents
-----------------
1. CLB Logic
1.1 Summary of Registers by Type
2. CLB Logic Distribution
3. BLOCKRAM
4. ARITHMETIC
5. I/O
6. CLOCK
7. ADVANCED
8. CONFIGURATION
9. Primitives
10. Black Boxes
11. Instantiated Netlists

1. CLB Logic
------------

+----------------------------+--------+------------+-----------+-------+
|          Site Type         |  Used  | Prohibited | Available | Util% |
+----------------------------+--------+------------+-----------+-------+
| CLB LUTs                   |  92448 |          0 |    425280 | 21.74 |
|   LUT as Logic             |  79072 |          0 |    425280 | 18.59 |
|   LUT as Memory            |  13376 |          0 |    213600 |  6.26 |
|     LUT as Distributed RAM |   4882 |            |           |       |
|     LUT as Shift Register  |   8494 |            |           |       |
| CLB Registers              | 168032 |          0 |    850560 | 19.76 |
|   Register as Flip Flop    | 168032 |          0 |    850560 | 19.76 |
|   Register as Latch        |      0 |          0 |    850560 |  0.00 |
| CARRY8                     |   1098 |          0 |     53160 |  2.07 |
| F7 Muxes                   |    823 |          0 |    212640 |  0.39 |
| F8 Muxes                   |    143 |          0 |    106320 |  0.13 |
| F9 Muxes                   |      0 |          0 |     53160 |  0.00 |
+----------------------------+--------+------------+-----------+-------+


1.1 Summary of Registers by Type
--------------------------------

+--------+--------------+-------------+--------------+
|  Total | Clock Enable | Synchronous | Asynchronous |
+--------+--------------+-------------+--------------+
| 0      |            _ |           - |            - |
| 0      |            _ |           - |          Set |
| 0      |            _ |           - |        Reset |
| 0      |            _ |         Set |            - |
| 0      |            _ |       Reset |            - |
| 0      |          Yes |           - |            - |
| 2924   |          Yes |           - |          Set |
| 15322  |          Yes |           - |        Reset |
| 3371   |          Yes |         Set |            - |
| 146442 |          Yes |       Reset |            - |
+--------+--------------+-------------+--------------+


2. CLB Logic Distribution
-------------------------

+--------------------------------------------+--------+------------+-----------+-------+
|                  Site Type                 |  Used  | Prohibited | Available | Util% |
+--------------------------------------------+--------+------------+-----------+-------+
| CLB                                        |  24208 |          0 |     53160 | 45.54 |
|   CLBL                                     |  12110 |            |           |       |
|   CLBM                                     |  12098 |            |           |       |
| LUT as Logic                               |  79072 |          0 |    425280 | 18.59 |
|   using O5 output only                     |   2275 |            |           |       |
|   using O6 output only                     |  49051 |            |           |       |
|   using O5 and O6                          |  27746 |            |           |       |
| LUT as Memory                              |  13376 |          0 |    213600 |  6.26 |
|   LUT as Distributed RAM                   |   4882 |            |           |       |
|     using O5 output only                   |      0 |            |           |       |
|     using O6 output only                   |    502 |            |           |       |
|     using O5 and O6                        |   4380 |            |           |       |
|   LUT as Shift Register                    |   8494 |            |           |       |
|     using O5 output only                   |      0 |            |           |       |
|     using O6 output only                   |   8297 |            |           |       |
|     using O5 and O6                        |    197 |            |           |       |
| CLB Registers                              | 168032 |          0 |    850560 | 19.76 |
|   Register driven from within the CLB      |  75740 |            |           |       |
|   Register driven from outside the CLB     |  92292 |            |           |       |
|     LUT in front of the register is unused |  75703 |            |           |       |
|     LUT in front of the register is used   |  16589 |            |           |       |
| Unique Control Sets                        |   4577 |          0 |    106320 |  4.30 |
+--------------------------------------------+--------+------------+-----------+-------+
* * Note: Available Control Sets calculated as Slices * 2, Review the Control Sets Report for more information regarding control sets.


3. BLOCKRAM
-----------

+-------------------+------+------------+-----------+-------+
|     Site Type     | Used | Prohibited | Available | Util% |
+-------------------+------+------------+-----------+-------+
| Block RAM Tile    |   94 |          0 |      1080 |  8.70 |
|   RAMB36/FIFO*    |   87 |          0 |      1080 |  8.06 |
|     FIFO36E2 only |    8 |            |           |       |
|     RAMB36E2 only |   79 |            |           |       |
|   RAMB18          |   14 |          0 |      2160 |  0.65 |
|     RAMB18E2 only |   14 |            |           |       |
| URAM              |    7 |          0 |        80 |  8.75 |
+-------------------+------+------------+-----------+-------+
* Note: Each Block RAM Tile only has one FIFO logic available and therefore can accommodate only one FIFO36E2 or one FIFO18E2. However, if a FIFO18E2 occupies a Block RAM Tile, that tile can still accommodate a RAMB18E2


4. ARITHMETIC
-------------

+----------------+------+------------+-----------+-------+
|    Site Type   | Used | Prohibited | Available | Util% |
+----------------+------+------------+-----------+-------+
| DSPs           |  128 |          0 |      4272 |  3.00 |
|   DSP48E2 only |  128 |            |           |       |
+----------------+------+------------+-----------+-------+


5. I/O
------

+------------------+------+------------+-----------+-------+
|     Site Type    | Used | Prohibited | Available | Util% |
+------------------+------+------------+-----------+-------+
| Bonded IOB       |  138 |          0 |       347 | 39.77 |
| HPIOB_M          |   39 |          0 |       138 | 28.26 |
|   INPUT          |    4 |            |           |       |
|   OUTPUT         |   24 |            |           |       |
|   BIDIR          |   11 |            |           |       |
| HPIOB_S          |   48 |          0 |       138 | 34.78 |
|   INPUT          |    4 |            |           |       |
|   OUTPUT         |   33 |            |           |       |
|   BIDIR          |   11 |            |           |       |
| HDIOB_M          |   22 |          0 |        24 | 91.67 |
|   INPUT          |    1 |            |           |       |
|   OUTPUT         |    2 |            |           |       |
|   BIDIR          |   19 |            |           |       |
| HDIOB_S          |   18 |          0 |        24 | 75.00 |
|   INPUT          |    1 |            |           |       |
|   OUTPUT         |    3 |            |           |       |
|   BIDIR          |   14 |            |           |       |
| HPIOB_SNGL       |   11 |          0 |        23 | 47.83 |
|   INPUT          |    1 |            |           |       |
|   OUTPUT         |    8 |            |           |       |
|   BIDIR          |    2 |            |           |       |
| HPIOBDIFFINBUF   |    3 |          0 |       192 |  1.56 |
|   DIFFINBUF      |    3 |            |           |       |
| HPIOBDIFFOUTBUF  |    0 |          0 |       192 |  0.00 |
| HDIOBDIFFINBUF   |    0 |          0 |        72 |  0.00 |
| BITSLICE_CONTROL |    0 |          0 |        64 |  0.00 |
| BITSLICE_RX_TX   |    1 |          0 |      2496 |  0.04 |
|   OSERDES        |    1 |            |           |       |
| BITSLICE_TX      |    0 |          0 |        64 |  0.00 |
| RIU_OR           |    0 |          0 |        32 |  0.00 |
| HS_ADC           |    0 |          4 |         4 |  0.00 |
| HS_DAC           |    0 |          4 |         4 |  0.00 |
+------------------+------+------------+-----------+-------+


6. CLOCK
--------

+----------------------+------+------------+-----------+-------+
|       Site Type      | Used | Prohibited | Available | Util% |
+----------------------+------+------------+-----------+-------+
| GLOBAL CLOCK BUFFERs |   21 |          0 |       696 |  3.02 |
|   BUFGCE             |   13 |          0 |       216 |  6.02 |
|   BUFGCE_DIV         |    1 |          0 |        32 |  3.13 |
|   BUFG_GT            |    4 |          0 |       312 |  1.28 |
|   BUFG_PS            |    3 |          0 |        72 |  4.17 |
|   BUFGCTRL*          |    0 |          0 |        64 |  0.00 |
| PLL                  |    0 |          0 |        16 |  0.00 |
| MMCM                 |    1 |          0 |         8 | 12.50 |
+----------------------+------+------------+-----------+-------+
* Note: Each used BUFGCTRL counts as two GLOBAL CLOCK BUFFERs. This table does not include global clocking resources, only buffer cell usage. See the Clock Utilization Report (report_clock_utilization) for detailed accounting of global clocking resource availability.


7. ADVANCED
-----------

+-----------------+------+------------+-----------+--------+
|    Site Type    | Used | Prohibited | Available |  Util% |
+-----------------+------+------------+-----------+--------+
| CMACE4          |    0 |          0 |         2 |   0.00 |
| FE              |    0 |          0 |         8 |   0.00 |
| GTYE4_CHANNEL   |    8 |          0 |        16 |  50.00 |
| GTYE4_COMMON    |    2 |          0 |         4 |  50.00 |
| HSADC           |    4 |          0 |         4 | 100.00 |
| HSDAC           |    2 |          0 |         4 |  50.00 |
| ILKNE4          |    0 |          0 |         1 |   0.00 |
| OBUFDS_GTE4     |    1 |          0 |         8 |  12.50 |
| OBUFDS_GTE4_ADV |    0 |          0 |         8 |   0.00 |
| PCIE40E4        |    0 |          0 |         2 |   0.00 |
| PS8             |    1 |          0 |         1 | 100.00 |
| SYSMONE4        |    0 |          0 |         1 |   0.00 |
+-----------------+------+------------+-----------+--------+


8. CONFIGURATION
----------------

+-------------+------+------------+-----------+--------+
|  Site Type  | Used | Prohibited | Available |  Util% |
+-------------+------+------------+-----------+--------+
| BSCANE2     |    0 |          0 |         4 |   0.00 |
| DNA_PORTE2  |    1 |          0 |         1 | 100.00 |
| EFUSE_USR   |    0 |          0 |         1 |   0.00 |
| FRAME_ECCE4 |    0 |          0 |         1 |   0.00 |
| ICAPE3      |    0 |          0 |         2 |   0.00 |
| MASTER_JTAG |    0 |          0 |         1 |   0.00 |
| STARTUPE3   |    0 |          0 |         1 |   0.00 |
+-------------+------+------------+-----------+--------+


9. Primitives
-------------

+---------------+--------+---------------------+
|    Ref Name   |  Used  | Functional Category |
+---------------+--------+---------------------+
| FDRE          | 146442 |            Register |
| LUT3          |  39268 |                 CLB |
| LUT6          |  22529 |                 CLB |
| LUT5          |  17759 |                 CLB |
| FDCE          |  15322 |            Register |
| LUT4          |  14352 |                 CLB |
| LUT2          |   9887 |                 CLB |
| RAMD32        |   7688 |                 CLB |
| SRLC32E       |   5594 |                 CLB |
| FDSE          |   3371 |            Register |
| SRL16E        |   3097 |                 CLB |
| LUT1          |   3023 |                 CLB |
| FDPE          |   2924 |            Register |
| CARRY8        |   1098 |                 CLB |
| RAMS32        |   1076 |                 CLB |
| MUXF7         |    823 |                 CLB |
| RAMD64E       |    498 |                 CLB |
| MUXF8         |    143 |                 CLB |
| DSP48E2       |    128 |          Arithmetic |
| RAMB36E2      |     79 |            BLOCKRAM |
| OBUF          |     74 |                 I/O |
| OBUFT         |     53 |                 I/O |
| IBUFCTRL      |     36 |              Others |
| INBUF         |     33 |                 I/O |
| RAMB18E2      |     14 |            BLOCKRAM |
| BUFGCE        |     13 |               Clock |
| GTYE4_CHANNEL |      8 |            Advanced |
| FIFO36E2      |      8 |            BLOCKRAM |
| URAM288       |      7 |            BLOCKRAM |
| HSADC         |      4 |            Advanced |
| BUFG_GT_SYNC  |      4 |               Clock |
| BUFG_GT       |      4 |               Clock |
| INV           |      3 |                 CLB |
| DIFFINBUF     |      3 |                 I/O |
| BUFG_PS       |      3 |               Clock |
| IBUFDS_GTE4   |      2 |                 I/O |
| HSDAC         |      2 |            Advanced |
| GTYE4_COMMON  |      2 |            Advanced |
| USR_ACCESSE2  |      1 |              Others |
| PS8           |      1 |            Advanced |
| OSERDESE3     |      1 |                 I/O |
| OBUFDS_GTE4   |      1 |            Advanced |
| MMCME4_ADV    |      1 |               Clock |
| DNA_PORTE2    |      1 |       Configuration |
| BUFGCE_DIV    |      1 |               Clock |
+---------------+--------+---------------------+


10. Black Boxes
---------------

+----------+------+
| Ref Name | Used |
+----------+------+


11. Instantiated Netlists
-------------------------

+-----------------+------+
|     Ref Name    | Used |
+-----------------+------+
| fifo_short_2clk |   93 |
| fifo_4k_2clk    |   32 |
| aurora_100g     |    2 |
+-----------------+------+


Copyright 1986-2021 Xilinx, Inc. All Rights Reserved.
-----------------------------------------------------------------------------------------------------------------------------------------------------------------------
| Tool Version      : Vivado v.2021.1_AR76780 (lin64) Build 3247384 Thu Jun 10 19:36:07 MDT 2021
| Date              : Tue Jul  7 16:17:13 2026
| Host              : precwood running 64-bit Ubuntu 25.10
| Command           : report_timing_summary -no_detailed_paths -file /home/wfife/hdd/repos/rfnoc-oot-blocks-dev/build-fpga/build-x440_1600_aurora_C2/build.rpt -append
| Design            : x4xx
| Device            : xczu28dr-ffvg1517
| Speed File        : -2  PRODUCTION 1.29 12-02-2020
| Temperature Grade : E
-----------------------------------------------------------------------------------------------------------------------------------------------------------------------

Timing Summary Report

------------------------------------------------------------------------------------------------
| Timer Settings
| --------------
------------------------------------------------------------------------------------------------

  Enable Multi Corner Analysis               :  Yes
  Enable Pessimism Removal                   :  Yes
  Pessimism Removal Resolution               :  Nearest Common Node
  Enable Input Delay Default Clock           :  No
  Enable Preset / Clear Arcs                 :  No
  Disable Flight Delays                      :  No
  Ignore I/O Paths                           :  No
  Timing Early Launch at Borrowing Latches   :  No
  Borrow Time for Max Delay Exceptions       :  Yes
  Merge Timing Exceptions                    :  Yes

  Corner  Analyze    Analyze    
  Name    Max Paths  Min Paths  
  ------  ---------  ---------  
  Slow    Yes        Yes        
  Fast    Yes        Yes        


------------------------------------------------------------------------------------------------
| Report Methodology
| ------------------
------------------------------------------------------------------------------------------------

No report available as report_methodology has not been run prior. Run report_methodology on the current design for the summary of methodology violations.



check_timing report

Table of Contents
-----------------
1. checking no_clock (0)
2. checking constant_clock (0)
3. checking pulse_width_clock (0)
4. checking unconstrained_internal_endpoints (0)
5. checking no_input_delay (24)
6. checking no_output_delay (24)
7. checking multiple_clock (0)
8. checking generated_clocks (0)
9. checking loops (0)
10. checking partial_input_delay (0)
11. checking partial_output_delay (4)
12. checking latch_loops (0)

1. checking no_clock (0)
------------------------
 There are 0 register/latch pins with no clock.


2. checking constant_clock (0)
------------------------------
 There are 0 register/latch pins with constant_clock.


3. checking pulse_width_clock (0)
---------------------------------
 There are 0 register/latch pins which need pulse_width check


4. checking unconstrained_internal_endpoints (0)
------------------------------------------------
 There are 0 pins that are not constrained for maximum delay.

 There are 0 pins that are not constrained for maximum delay due to constant clock.


5. checking no_input_delay (24)
-------------------------------
 There are 0 input ports with no input delay specified.

 There are 24 input ports with no input delay but user has a false path constraint. (MEDIUM)


6. checking no_output_delay (24)
--------------------------------
 There are 0 ports with no output delay specified.

 There are 24 ports with no output delay but user has a false path constraint (MEDIUM)

 There are 0 ports with no output delay but with a timing clock defined on it or propagating through it


7. checking multiple_clock (0)
------------------------------
 There are 0 register/latch pins with multiple clocks.


8. checking generated_clocks (0)
--------------------------------
 There are 0 generated clocks that are not connected to a clock source.


9. checking loops (0)
---------------------
 There are 0 combinational loops in the design.


10. checking partial_input_delay (0)
------------------------------------
 There are 0 input ports with partial input delay specified.


11. checking partial_output_delay (4)
-------------------------------------
 There are 4 ports with partial output delay specified. (HIGH)


12. checking latch_loops (0)
----------------------------
 There are 0 combinational latch loops in the design through latch input



------------------------------------------------------------------------------------------------
| Design Timing Summary
| ---------------------
------------------------------------------------------------------------------------------------

    WNS(ns)      TNS(ns)  TNS Failing Endpoints  TNS Total Endpoints      WHS(ns)      THS(ns)  THS Failing Endpoints  THS Total Endpoints     WPWS(ns)     TPWS(ns)  TPWS Failing Endpoints  TPWS Total Endpoints  
    -------      -------  ---------------------  -------------------      -------      -------  ---------------------  -------------------     --------     --------  ----------------------  --------------------  
      0.297        0.000                      0               451467        0.010        0.000                      0               450049        0.400        0.000                       0                186564  


All user specified timing constraints are met.


------------------------------------------------------------------------------------------------
| Clock Summary
| -------------
------------------------------------------------------------------------------------------------

Clock                                                Waveform(ns)             Period(ns)      Frequency(MHz)
-----                                                ------------             ----------      --------------
Dram0SysClock                                        {0.000 4.998}            9.996           100.040         
Dram1SysClock                                        {0.000 4.998}            9.996           100.040         
RFADC0_CLK                                           {0.000 7.812}            15.625          64.000          
RFADC0_CLK_dummy                                     {0.000 7.812}            15.625          64.000          
RFADC1_CLK                                           {0.000 7.812}            15.625          64.000          
RFADC1_CLK_dummy                                     {0.000 7.812}            15.625          64.000          
RFADC2_CLK                                           {0.000 7.812}            15.625          64.000          
RFADC2_CLK_dummy                                     {0.000 7.812}            15.625          64.000          
RFADC3_CLK                                           {0.000 7.812}            15.625          64.000          
RFADC3_CLK_dummy                                     {0.000 7.812}            15.625          64.000          
RFDAC0_CLK                                           {0.000 7.812}            15.625          64.000          
RFDAC1_CLK                                           {0.000 7.812}            15.625          64.000          
async_in_clk                                         {0.000 25.000}           50.000          20.000          
async_out_clk                                        {0.000 25.000}           50.000          20.000          
clk100                                               {0.000 5.000}            10.000          100.000         
clk166                                               {0.000 3.000}            6.000           166.667         
clk200                                               {0.000 2.500}            5.000           200.000         
clk40                                                {0.000 12.500}           25.000          40.000          
mgt_ref_0                                            {0.000 3.200}            6.400           156.250         
  gt_qpllclk_quad1_out                               {0.000 0.040}            0.080           12500.000       
    GTYE4_CHANNEL_TXOUTCLKPCS[0]                     {0.000 1.280}            2.560           390.625         
    GTYE4_CHANNEL_TXOUTCLKPCS[1]                     {0.000 1.280}            2.560           390.625         
    GTYE4_CHANNEL_TXOUTCLKPCS[2]                     {0.000 1.280}            2.560           390.625         
    GTYE4_CHANNEL_TXOUTCLKPCS[3]                     {0.000 1.280}            2.560           390.625         
    rxoutclk_out[0]                                  {0.000 1.280}            2.560           390.625         
    txoutclk_out[0]                                  {0.000 1.280}            2.560           390.625         
  gt_qpllrefclk_quad1_out                            {0.000 3.200}            6.400           156.250         
mgt_ref_1                                            {0.000 5.000}            10.000          100.000         
mgt_ref_2                                            {0.000 5.200}            10.400          96.154          
mgt_ref_3                                            {0.000 3.200}            6.400           156.250         
  gt_qpllclk_quad1_out_1                             {0.000 0.040}            0.080           12500.000       
    GTYE4_CHANNEL_TXOUTCLKPCS[0]_1                   {0.000 1.280}            2.560           390.625         
    GTYE4_CHANNEL_TXOUTCLKPCS[1]_1                   {0.000 1.280}            2.560           390.625         
    GTYE4_CHANNEL_TXOUTCLKPCS[2]_1                   {0.000 1.280}            2.560           390.625         
    GTYE4_CHANNEL_TXOUTCLKPCS[3]_1                   {0.000 1.280}            2.560           390.625         
    rxoutclk_out[0]_1                                {0.000 1.280}            2.560           390.625         
    txoutclk_out[0]_1                                {0.000 1.280}            2.560           390.625         
  gt_qpllrefclk_quad1_out_1                          {0.000 3.200}            6.400           156.250         
pll_ref_clk                                          {0.000 7.812}            15.625          64.000          
  clkfbout_x440_ps_rfdc_bd_data_clock_mmcm_0         {0.000 7.812}            15.625          64.000          
  pll_ref_clk_out_x440_ps_rfdc_bd_data_clock_mmcm_0  {0.000 7.812}            15.625          64.000          
  r0_rfdc_clk_x440_ps_rfdc_bd_data_clock_mmcm_0      {0.000 1.953}            3.906           256.000         
  r1_rfdc_clk_x440_ps_rfdc_bd_data_clock_mmcm_0      {0.000 1.953}            3.906           256.000         
ref_clk                                              {0.000 20.000}           40.000          25.000          
  clk5                                               {0.000 40.000}           80.000          12.500          
virtual_ref_clk                                      {0.000 20.000}           40.000          25.000          


------------------------------------------------------------------------------------------------
| Intra Clock Table
| -----------------
------------------------------------------------------------------------------------------------

Clock                                                    WNS(ns)      TNS(ns)  TNS Failing Endpoints  TNS Total Endpoints      WHS(ns)      THS(ns)  THS Failing Endpoints  THS Total Endpoints     WPWS(ns)     TPWS(ns)  TPWS Failing Endpoints  TPWS Total Endpoints  
-----                                                    -------      -------  ---------------------  -------------------      -------      -------  ---------------------  -------------------     --------     --------  ----------------------  --------------------  
clk100                                                     7.178        0.000                      0                 1632        0.027        0.000                      0                 1632        3.200        0.000                       0                  1016  
clk200                                                     0.412        0.000                      0               203756        0.010        0.000                      0               203756        1.000        0.000                       0                 84014  
clk40                                                     14.894        0.000                      0                52310        0.011        0.000                      0                52310       10.225        0.000                       0                 23259  
    GTYE4_CHANNEL_TXOUTCLKPCS[0]                           1.383        0.000                      0                   34        0.112        0.000                      0                   34        1.005        0.000                       0                    15  
    GTYE4_CHANNEL_TXOUTCLKPCS[1]                           1.147        0.000                      0                   34        0.153        0.000                      0                   34        1.005        0.000                       0                    15  
    GTYE4_CHANNEL_TXOUTCLKPCS[2]                           1.063        0.000                      0                   34        0.019        0.000                      0                   34        1.005        0.000                       0                    15  
    GTYE4_CHANNEL_TXOUTCLKPCS[3]                           1.359        0.000                      0                   34        0.062        0.000                      0                   34        1.005        0.000                       0                    15  
    rxoutclk_out[0]                                        0.780        0.000                      0                 4906        0.018        0.000                      0                 4906        0.400        0.000                       0                  2640  
    txoutclk_out[0]                                        0.483        0.000                      0                26666        0.016        0.000                      0                26666        0.400        0.000                       0                 13612  
    GTYE4_CHANNEL_TXOUTCLKPCS[0]_1                         1.700        0.000                      0                   34        0.140        0.000                      0                   34        1.005        0.000                       0                    15  
    GTYE4_CHANNEL_TXOUTCLKPCS[1]_1                         1.612        0.000                      0                   34        0.057        0.000                      0                   34        1.005        0.000                       0                    15  
    GTYE4_CHANNEL_TXOUTCLKPCS[2]_1                         1.341        0.000                      0                   34        0.121        0.000                      0                   34        1.005        0.000                       0                    15  
    GTYE4_CHANNEL_TXOUTCLKPCS[3]_1                         1.250        0.000                      0                   34        0.074        0.000                      0                   34        1.005        0.000                       0                    15  
    rxoutclk_out[0]_1                                      0.772        0.000                      0                 4906        0.014        0.000                      0                 4906        0.400        0.000                       0                  2640  
    txoutclk_out[0]_1                                      0.382        0.000                      0                26683        0.010        0.000                      0                26683        0.400        0.000                       0                 13623  
pll_ref_clk                                                                                                                                                                                            3.125        0.000                       0                     1  
  clkfbout_x440_ps_rfdc_bd_data_clock_mmcm_0                                                                                                                                                          14.335        0.000                       0                     3  
  pll_ref_clk_out_x440_ps_rfdc_bd_data_clock_mmcm_0        7.244        0.000                      0                 7677        0.013        0.000                      0                 7677        3.812        0.000                       0                  2624  
  r0_rfdc_clk_x440_ps_rfdc_bd_data_clock_mmcm_0            0.323        0.000                      0                52663        0.010        0.000                      0                52663        1.153        0.000                       0                 22327  
  r1_rfdc_clk_x440_ps_rfdc_bd_data_clock_mmcm_0            0.297        0.000                      0                49520        0.010        0.000                      0                49520        1.153        0.000                       0                 20523  
ref_clk                                                    8.345        0.000                      0                  208        0.048        0.000                      0                  208       16.000        0.000                       0                   156  
  clk5                                                    77.652        0.000                      0                    4        0.066        0.000                      0                    4       39.725        0.000                       0                     6  


------------------------------------------------------------------------------------------------
| Inter Clock Table
| -----------------
------------------------------------------------------------------------------------------------

From Clock                                         To Clock                                               WNS(ns)      TNS(ns)  TNS Failing Endpoints  TNS Total Endpoints      WHS(ns)      THS(ns)  THS Failing Endpoints  THS Total Endpoints  
----------                                         --------                                               -------      -------  ---------------------  -------------------      -------      -------  ---------------------  -------------------  
r0_rfdc_clk_x440_ps_rfdc_bd_data_clock_mmcm_0      async_out_clk                                           48.321        0.000                      0                    1        0.259        0.000                      0                    1  
ref_clk                                            async_out_clk                                           43.523        0.000                      0                    1        3.290        0.000                      0                    1  
clk40                                              clk200                                                  23.841        0.000                      0                  120                                                                        
txoutclk_out[0]                                    clk200                                                   1.964        0.000                      0                  144                                                                        
txoutclk_out[0]_1                                  clk200                                                   1.510        0.000                      0                  144                                                                        
r0_rfdc_clk_x440_ps_rfdc_bd_data_clock_mmcm_0      clk200                                                   3.031        0.000                      0                  105                                                                        
r1_rfdc_clk_x440_ps_rfdc_bd_data_clock_mmcm_0      clk200                                                   2.693        0.000                      0                  105                                                                        
clk200                                             clk40                                                    4.245        0.000                      0                  120                                                                        
r0_rfdc_clk_x440_ps_rfdc_bd_data_clock_mmcm_0      clk40                                                    3.457        0.000                      0                   42                                                                        
r1_rfdc_clk_x440_ps_rfdc_bd_data_clock_mmcm_0      clk40                                                    3.294        0.000                      0                   42                                                                        
clk200                                             txoutclk_out[0]                                          4.377        0.000                      0                  144                                                                        
clk200                                             txoutclk_out[0]_1                                        3.970        0.000                      0                  144                                                                        
pll_ref_clk_out_x440_ps_rfdc_bd_data_clock_mmcm_0  pll_ref_clk                                              1.778        0.000                      0                   32        0.651        0.000                      0                   32  
pll_ref_clk                                        pll_ref_clk_out_x440_ps_rfdc_bd_data_clock_mmcm_0        4.144        0.000                      0                    6        1.138        0.000                      0                    6  
r0_rfdc_clk_x440_ps_rfdc_bd_data_clock_mmcm_0      pll_ref_clk_out_x440_ps_rfdc_bd_data_clock_mmcm_0        1.177        0.000                      0                   24        0.118        0.000                      0                   24  
ref_clk                                            pll_ref_clk_out_x440_ps_rfdc_bd_data_clock_mmcm_0        3.341        0.000                      0                    1        2.012        0.000                      0                    1  
clk200                                             r0_rfdc_clk_x440_ps_rfdc_bd_data_clock_mmcm_0            4.476        0.000                      0                  105                                                                        
clk40                                              r0_rfdc_clk_x440_ps_rfdc_bd_data_clock_mmcm_0           11.156        0.000                      0                   48                                                                        
pll_ref_clk_out_x440_ps_rfdc_bd_data_clock_mmcm_0  r0_rfdc_clk_x440_ps_rfdc_bd_data_clock_mmcm_0            1.370        0.000                      0                    6        0.118        0.000                      0                    6  
r1_rfdc_clk_x440_ps_rfdc_bd_data_clock_mmcm_0      r0_rfdc_clk_x440_ps_rfdc_bd_data_clock_mmcm_0            0.564        0.000                      0                  283        0.113        0.000                      0                  283  
clk200                                             r1_rfdc_clk_x440_ps_rfdc_bd_data_clock_mmcm_0            3.448        0.000                      0                  105                                                                        
clk40                                              r1_rfdc_clk_x440_ps_rfdc_bd_data_clock_mmcm_0           10.927        0.000                      0                   48                                                                        
pll_ref_clk_out_x440_ps_rfdc_bd_data_clock_mmcm_0  r1_rfdc_clk_x440_ps_rfdc_bd_data_clock_mmcm_0            1.928        0.000                      0                    1        0.276        0.000                      0                    1  
r0_rfdc_clk_x440_ps_rfdc_bd_data_clock_mmcm_0      r1_rfdc_clk_x440_ps_rfdc_bd_data_clock_mmcm_0            0.813        0.000                      0                 2207        0.087        0.000                      0                 2207  
clk5                                               ref_clk                                                 29.187        0.000                      0                    2                                                                        
clk40                                              virtual_ref_clk                                         24.475        0.000                      0                    1        1.317        0.000                      0                    1  
ref_clk                                            virtual_ref_clk                                         28.580        0.000                      0                    1        1.411        0.000                      0                    1  


------------------------------------------------------------------------------------------------
| Other Path Groups Table
| -----------------------
------------------------------------------------------------------------------------------------

Path Group                                     From Clock                                     To Clock                                           WNS(ns)      TNS(ns)  TNS Failing Endpoints  TNS Total Endpoints      WHS(ns)      THS(ns)  THS Failing Endpoints  THS Total Endpoints  
----------                                     ----------                                     --------                                           -------      -------  ---------------------  -------------------      -------      -------  ---------------------  -------------------  
**async_default**                              clk200                                         clk200                                               1.786        0.000                      0                 9977        0.083        0.000                      0                 9977  
**async_default**                              clk40                                          clk40                                               20.568        0.000                      0                 2122        0.106        0.000                      0                 2122  
**async_default**                              r0_rfdc_clk_x440_ps_rfdc_bd_data_clock_mmcm_0  r0_rfdc_clk_x440_ps_rfdc_bd_data_clock_mmcm_0        1.194        0.000                      0                 2104        0.101        0.000                      0                 2104  
**async_default**                              r1_rfdc_clk_x440_ps_rfdc_bd_data_clock_mmcm_0  r1_rfdc_clk_x440_ps_rfdc_bd_data_clock_mmcm_0        0.506        0.000                      0                 2068        0.097        0.000                      0                 2068  
**async_default**                              ref_clk                                        ref_clk                                             36.047        0.000                      0                    1        2.047        0.000                      0                    1  
**async_default**                              rxoutclk_out[0]                                rxoutclk_out[0]                                      2.057        0.000                      0                    8        0.139        0.000                      0                    8  
**async_default**                              rxoutclk_out[0]_1                              rxoutclk_out[0]_1                                    2.011        0.000                      0                    8        0.172        0.000                      0                    8  
**async_default**                              txoutclk_out[0]                                txoutclk_out[0]                                      1.116        0.000                      0                  612        0.082        0.000                      0                  612  
**async_default**                              txoutclk_out[0]_1                              txoutclk_out[0]_1                                    1.231        0.000                      0                  612        0.110        0.000                      0                  612  


